Microchip MPLAB XC8 Compiler V2.40

Linker command line:

-W-3 \
  --edf=C:\Program Files\Microchip\xc8\v2.40\pic\dat\20220703182018_en.msgs \
  -cn -h+dist/default/production\I2C-Master.X.production.sym \
  --cmf=dist/default/production\I2C-Master.X.production.cmf -z -Q16F887 \
  -oC:\Users\Gabriel\AppData\Local\Temp\xcAsfo8.4 --defsym=__MPLAB_BUILD=1 \
  --fixupoverflow=error \
  -Mdist/default/production/I2C-Master.X.production.map \
  --md=C:\Users\Gabriel\AppData\Local\Temp\xcAsfo8.dat -E1 \
  -ver=XC8 Compiler --acfsm=1493 -ACODE=00h-07FFhx4 -ASTRCODE=00h-01FFFh \
  -ASTRING=00h-0FFhx32 -ACONST=00h-0FFhx32 -AENTRY=00h-0FFhx32 \
  -ACOMMON=070h-07Fh -ABANK0=020h-06Fh -ABANK1=0A0h-0EFh \
  -ABANK2=0110h-016Fh -ABANK3=0190h-01EFh \
  -ARAM=020h-06Fh,0A0h-0EFh,0110h-016Fh,0190h-01EFh \
  -AABS1=020h-07Fh,0A0h-0EFh,0110h-016Fh,0190h-01EFh -ASFR0=00h-01Fh \
  -ASFR1=080h-09Fh -ASFR2=0100h-010Fh -ASFR3=0180h-018Fh \
  -ACONFIG=02007h-02008h -DCONFIG=2 -AIDLOC=02000h-02003h -DIDLOC=2 \
  -AEEDATA=00h-0FFh/02100h -peeprom_data=EEDATA -DEEDATA=2 -DCODE=2 \
  -DSTRCODE=2 -DSTRING=2 -DCONST=2 -DENTRY=2 \
  -preset_vec=00h,intentry=04h,init,end_init -ppowerup=CODE -pcinit=CODE \
  -pfunctab=ENTRY -k C:\Users\Gabriel\AppData\Local\Temp\xcAsfo8.o \
  dist/default/production\I2C-Master.X.production.o 

Object code version is 3.11

Machine type is 16F887



                Name                               Link     Load   Length Selector   Space Scale
C:\Users\Gabriel\AppData\Local\Temp\xcAsfo8.o
                end_init                              C        C        3        8       0
                reset_vec                             0        0        3        0       0
                config                             2007     2007        2        0       4
                idloc                              2000     2000        4        0       5
dist/default/production\I2C-Master.X.production.o
                cinit                                 F        F        D        8       0
                intentry                              4        4        8        8       0
                config                             2007     2007        2        0       4
                idloc                              2000     2000        4        0       5
                text23                              613      613        7      A7A       0
                text22                              5E2      5E2        D      A7A       0
                text21                              4E8      4E8       2E        8       0
                text20                              602      602        9      A7A       0
                text19                              5F9      5F9        9      A7A       0
                text18                              5EF      5EF        A      A7A       0
                text17                              401      401       3E        8       0
                text16                              5A6      5A6       1A      A7A       0
                text15                              5D5      5D5        D      A7A       0
                text14                              32A      32A       51        8       0
                text13                              586      586       20      A7A       0
                text12                              5C0      5C0       15      A7A       0
                text11                              3BF      3BF       42        8       0
                text10                              2CF      2CF       5B        8       0
                text9                               1FE      1FE       69        8       0
                text8                               53D      53D       25      A7A       0
                text7                               4B3      4B3       35        8       0
                text6                               267      267       68        8       0
                text5                               47B      47B       38        8       0
                text4                               562      562       24      A7A       0
                text3                               37B      37B       44        8       0
                text2                               43F      43F       3C        8       0
                text1                               122      122       DC        8       0
                maintext                             1C       1C      106        8       0
                cstackBANK0                          3D       3D       18       20       1
                cstackCOMMON                         70       70        C       70       1
                clrtext                             60B      60B        8      A7A       0
                bssBANK0                             20       20       1D       20       1
                strings                             516      516       27      A2C       0

TOTAL           Name                               Link     Load   Length     Space
        CLASS   CODE           
                end_init                              C        C        3         0
                cinit                                 F        F        D         0
                intentry                              4        4        8         0
                reset_vec                             0        0        3         0
                text23                              613      613        7         0
                text22                              5E2      5E2        D         0
                text21                              4E8      4E8       2E         0
                text20                              602      602        9         0
                text19                              5F9      5F9        9         0
                text18                              5EF      5EF        A         0
                text17                              401      401       3E         0
                text16                              5A6      5A6       1A         0
                text15                              5D5      5D5        D         0
                text14                              32A      32A       51         0
                text13                              586      586       20         0
                text12                              5C0      5C0       15         0
                text11                              3BF      3BF       42         0
                text10                              2CF      2CF       5B         0
                text9                               1FE      1FE       69         0
                text8                               53D      53D       25         0
                text7                               4B3      4B3       35         0
                text6                               267      267       68         0
                text5                               47B      47B       38         0
                text4                               562      562       24         0
                text3                               37B      37B       44         0
                text2                               43F      43F       3C         0
                text1                               122      122       DC         0
                maintext                             1C       1C      106         0
                clrtext                             60B      60B        8         0

        CLASS   STRCODE        

        CLASS   STRING         
                strings                             516      516       27         0

        CLASS   CONST          

        CLASS   ENTRY          

        CLASS   COMMON         
                cstackCOMMON                         70       70        C         1

        CLASS   BANK0          
                cstackBANK0                          3D       3D       18         1
                bssBANK0                             20       20       1D         1

        CLASS   BANK1          

        CLASS   BANK2          

        CLASS   BANK3          

        CLASS   RAM            

        CLASS   ABS1           
                abs_s1                               7E       7E        2         1

        CLASS   SFR0           

        CLASS   SFR1           

        CLASS   SFR2           

        CLASS   SFR3           

        CLASS   CONFIG         
                config                             2007     2007        2         4

        CLASS   IDLOC          
                idloc                              2000     2000        4         5

        CLASS   EEDATA         

        CLASS   STACK          



SEGMENTS        Name                           Load    Length   Top    Selector   Space  Class     Delta

                reset_vec                      000000  000003  000003         0       0  CODE        2
                intentry                       000004  000512  000516         8       0  CODE        2
                bssBANK0                       000020  000035  000055        20       1  BANK0       1
                cstackCOMMON                   000070  00000C  00007C        70       1  COMMON      1
                strings                        000516  000027  00053D       A2C       0  STRING      2
                text8                          00053D  0000DD  00061A       A7A       0  CODE        2


UNUSED ADDRESS RANGES

        Name                Unused          Largest block    Delta
        BANK0            0055-006F             1B           1
        BANK1            00A0-00EF             50           1
        BANK2            0110-016F             60           1
        BANK3            0190-01EF             60           1
        CODE             0003-0003              1           2
                         061A-1FFF            800
        COMMON           007C-007D              2           1
        CONST            0003-0003              1           2
                         061A-1FFF            100
        EEDATA           2100-21FF            100           2
        ENTRY            0003-0003              1           2
                         061A-1FFF            100
        RAM              0055-006F             1B           1
                         00A0-00EF             50
                         0110-016F             60
                         0190-01EF             60
        SFR0             0000-001F             20           1
        SFR1             0080-009F             20           1
        SFR2             0100-010F             10           1
        SFR3             0180-018F             10           1
        STRCODE          0003-0003              1           2
                         061A-1FFF           19E6
        STRING           0003-0003              1           2
                         061A-1FFF            100

                                  Symbol Table

?_I2C_Master_Read         cstackCOMMON 0072
?___awdiv                 cstackCOMMON 0078
?___awmod                 cstackBANK0  0042
?___lldiv                 cstackCOMMON 0072
?___lwdiv                 cstackCOMMON 0072
?___lwmod                 cstackBANK0  003D
?___wmul                  cstackCOMMON 0072
?_map                     cstackBANK0  0042
?_sprintf                 cstackBANK0  0041
I2C_Master_Init@c         cstackBANK0  0042
I2C_Master_Read@a         cstackCOMMON 0072
I2C_Master_Read@temp      cstackCOMMON 0076
I2C_Master_Write@d        cstackCOMMON 0072
Lcd_Cmd@a                 cstackCOMMON 0075
Lcd_Port@a                cstackCOMMON 0072
Lcd_Set_Cursor@a          cstackCOMMON 0077
Lcd_Set_Cursor@b          cstackCOMMON 0076
Lcd_Set_Cursor@temp       cstackCOMMON 0078
Lcd_Write_Char@a          cstackCOMMON 0074
Lcd_Write_String@a        cstackCOMMON 0075
Lcd_Write_String@i        cstackCOMMON 007A
_ANSEL                    (abs)        0188
_ANSELH                   (abs)        0189
_GIE                      (abs)        005F
_I2C_Master_Init          text5        047B
_I2C_Master_Read          text21       04E8
_I2C_Master_Start         text20       0602
_I2C_Master_Stop          text19       05F9
_I2C_Master_Wait          text22       05E2
_I2C_Master_Write         text18       05EF
_Lcd_Clear                text15       05D5
_Lcd_Cmd                  text16       05A6
_Lcd_Init                 text14       032A
_Lcd_Port                 text17       0401
_Lcd_Set_Cursor           text13       0586
_Lcd_Write_Char           text12       05C0
_Lcd_Write_String         text11       03BF
_OSCCONbits               (abs)        008F
_PEIE                     (abs)        005E
_PORTA                    (abs)        0005
_PORTB                    (abs)        0006
_PORTBbits                (abs)        0006
_PORTC                    (abs)        0007
_PORTD                    (abs)        0008
_PORTDbits                (abs)        0008
_PORTE                    (abs)        0009
_SSPADD                   (abs)        0093
_SSPBUF                   (abs)        0013
_SSPCON                   (abs)        0014
_SSPCON2                  (abs)        0091
_SSPCON2bits              (abs)        0091
_SSPIE                    (abs)        0463
_SSPIF                    (abs)        0063
_SSPSTAT                  (abs)        0094
_TRISB                    (abs)        0086
_TRISC3                   (abs)        043B
_TRISC4                   (abs)        043C
_TRISCbits                (abs)        0087
_TRISD                    (abs)        0088
__Habs1                   abs1         0000
__Hbank0                  bank0        0000
__Hbank1                  bank1        0000
__Hbank2                  bank2        0000
__Hbank3                  bank3        0000
__HbssBANK0               bssBANK0     0000
__Hcinit                  cinit        001C
__Hclrtext                clrtext      0000
__Hcode                   code         0000
__Hcommon                 common       0000
__Hconfig                 config       2009
__HcstackBANK0            cstackBANK0  0000
__HcstackCOMMON           cstackCOMMON 0000
__Heeprom_data            eeprom_data  0000
__Hend_init               end_init     000F
__Hfunctab                functab      0000
__Hidloc                  idloc        2004
__Hinit                   init         000C
__Hintentry               intentry     000C
__Hmaintext               maintext     0000
__Hpowerup                powerup      0000
__Hram                    ram          0000
__Hreset_vec              reset_vec    0003
__Hsfr0                   sfr0         0000
__Hsfr1                   sfr1         0000
__Hsfr2                   sfr2         0000
__Hsfr3                   sfr3         0000
__Hspace_0                (abs)        061A
__Hspace_1                (abs)        007C
__Hspace_2                (abs)        0000
__Hspace_3                (abs)        0000
__Hspace_4                (abs)        4010
__Hstack                  stack        0000
__Hstrings                strings      0000
__Htext                   text         0000
__Labs1                   abs1         0000
__Lbank0                  bank0        0000
__Lbank1                  bank1        0000
__Lbank2                  bank2        0000
__Lbank3                  bank3        0000
__LbssBANK0               bssBANK0     0000
__Lcinit                  cinit        000F
__Lclrtext                clrtext      0000
__Lcode                   code         0000
__Lcommon                 common       0000
__Lconfig                 config       0000
__LcstackBANK0            cstackBANK0  0000
__LcstackCOMMON           cstackCOMMON 0000
__Leeprom_data            eeprom_data  0000
__Lend_init               end_init     000C
__Lfunctab                functab      0000
__Lidloc                  idloc        0000
__Linit                   init         000C
__Lintentry               intentry     0004
__Lmaintext               maintext     0000
__Lpowerup                powerup      0000
__Lram                    ram          0000
__Lreset_vec              reset_vec    0000
__Lsfr0                   sfr0         0000
__Lsfr1                   sfr1         0000
__Lsfr2                   sfr2         0000
__Lsfr3                   sfr3         0000
__Lspace_0                (abs)        0000
__Lspace_1                (abs)        0000
__Lspace_2                (abs)        0000
__Lspace_3                (abs)        0000
__Lspace_4                (abs)        0000
__Lstack                  stack        0000
__Lstrings                strings      0000
__Ltext                   text         0000
__S0                      (abs)        061A
__S1                      (abs)        007C
__S3                      (abs)        0000
___awdiv                  text9        01FE
___awdiv@counter          cstackBANK0  003E
___awdiv@dividend         cstackCOMMON 007A
___awdiv@divisor          cstackCOMMON 0078
___awdiv@quotient         cstackBANK0  0040
___awdiv@sign             cstackBANK0  003F
___awmod                  text10       02CF
___awmod@counter          cstackBANK0  0047
___awmod@dividend         cstackBANK0  0044
___awmod@divisor          cstackBANK0  0042
___awmod@sign             cstackBANK0  0048
___int_sp                 stack        0000
___latbits                (abs)        0002
___lldiv                  text6        0267
___lldiv@counter          cstackBANK0  0041
___lldiv@dividend         cstackCOMMON 0076
___lldiv@divisor          cstackCOMMON 0072
___lldiv@quotient         cstackBANK0  003D
___lwdiv                  text3        037B
___lwdiv@counter          cstackCOMMON 0079
___lwdiv@dividend         cstackCOMMON 0074
___lwdiv@divisor          cstackCOMMON 0072
___lwdiv@quotient         cstackCOMMON 0077
___lwmod                  text2        043F
___lwmod@counter          cstackCOMMON 007B
___lwmod@dividend         cstackBANK0  003F
___lwmod@divisor          cstackBANK0  003D
___sp                     stack        0000
___stackhi                (abs)        0000
___stacklo                (abs)        0000
___wmul                   text8        053D
___wmul@multiplicand      cstackCOMMON 0074
___wmul@multiplier        cstackCOMMON 0072
___wmul@product           cstackCOMMON 0076
__end_of_I2C_Master_Init  text5        04B3
__end_of_I2C_Master_Read  text21       0516
__end_of_I2C_Master_Start text20       060B
__end_of_I2C_Master_Stop  text19       0602
__end_of_I2C_Master_Wait  text22       05EF
__end_of_I2C_Master_Write text18       05F9
__end_of_Lcd_Clear        text15       05E2
__end_of_Lcd_Cmd          text16       05C0
__end_of_Lcd_Init         text14       037B
__end_of_Lcd_Port         text17       043F
__end_of_Lcd_Set_Cursor   text13       05A6
__end_of_Lcd_Write_Char   text12       05D5
__end_of_Lcd_Write_String text11       0401
__end_of___awdiv          text9        0267
__end_of___awmod          text10       032A
__end_of___lldiv          text6        02CF
__end_of___lwdiv          text3        03BF
__end_of___lwmod          text2        047B
__end_of___wmul           text8        0562
__end_of__initialization  cinit        0018
__end_of__stringtab       strings      0526
__end_of_dpowers          strings      0530
__end_of_isr              text23       061A
__end_of_main             maintext     0122
__end_of_map              text7        04E8
__end_of_setup            text4        0586
__end_of_sprintf          text1        01FE
__initialization          cinit        000F
__pbssBANK0               bssBANK0     0020
__pcstackBANK0            cstackBANK0  003D
__pcstackCOMMON           cstackCOMMON 0070
__pintentry               intentry     0004
__pmaintext               maintext     001C
__pstrings                strings      0516
__ptext1                  text1        0122
__ptext10                 text10       02CF
__ptext11                 text11       03BF
__ptext12                 text12       05C0
__ptext13                 text13       0586
__ptext14                 text14       032A
__ptext15                 text15       05D5
__ptext16                 text16       05A6
__ptext17                 text17       0401
__ptext18                 text18       05EF
__ptext19                 text19       05F9
__ptext2                  text2        043F
__ptext20                 text20       0602
__ptext21                 text21       04E8
__ptext22                 text22       05E2
__ptext23                 text23       0613
__ptext3                  text3        037B
__ptext4                  text4        0562
__ptext5                  text5        047B
__ptext6                  text6        0267
__ptext7                  text7        04B3
__ptext8                  text8        053D
__ptext9                  text9        01FE
__stringbase              strings      0525
__stringtab               strings      0516
_buffer                   bssBANK0     0029
_centesima1               bssBANK0     0020
_decima1                  bssBANK0     0022
_dpowers                  strings      0526
_isr                      text23       0613
_main                     maintext     001C
_map                      text7        04B3
_setup                    text4        0562
_sprintf                  text1        0122
_unidad1                  bssBANK0     0024
_vol1                     bssBANK0     0026
_voltaje1                 bssBANK0     0028
btemp                     (abs)        007E
clear_ram0                clrtext      060B
end_of_initialization     cinit        0018
interrupt_function        intentry     0004
intlevel0                 functab      0000
intlevel1                 functab      0000
intlevel2                 functab      0000
intlevel3                 functab      0000
intlevel4                 functab      0000
intlevel5                 functab      0000
map@inputmax              cstackBANK0  0044
map@inputmin              cstackBANK0  0042
map@outmax                cstackBANK0  0048
map@outmin                cstackBANK0  0046
map@value                 cstackBANK0  004B
reset_vec                 reset_vec    0000
saved_w                   (abs)        007E
sprintf@ap                cstackBANK0  004B
sprintf@c                 cstackBANK0  0051
sprintf@f                 cstackBANK0  0041
sprintf@flag              cstackBANK0  004C
sprintf@prec              cstackBANK0  004D
sprintf@sp                cstackBANK0  0050
sprintf@val               cstackBANK0  004E
start                     init         000C
start_initialization      cinit        000F
wtemp0                    (abs)        007E


MODULE INFORMATION

Module		Function		Class		Link	Load	Size
C:\Program Files\Microchip\xc8\v2.40\pic\sources\c90\common\awdiv.c
		___awdiv       		CODE           	01FE	0000	105

C:\Program Files\Microchip\xc8\v2.40\pic\sources\c90\common\awdiv.c estimated size: 105

I2C.c
		_I2C_Master_Read		CODE           	04E8	0000	46
		_I2C_Master_Wait		CODE           	05E2	0000	13
		_I2C_Master_Init		CODE           	047B	0000	56
		_I2C_Master_Stop		CODE           	05F9	0000	9
		_I2C_Master_Write		CODE           	05EF	0000	10
		_I2C_Master_Start		CODE           	0602	0000	9

I2C.c estimated size: 143

C:\Program Files\Microchip\xc8\v2.40\pic\sources\c90\common\__lldiv.c
		___lldiv       		CODE           	0267	0000	104

C:\Program Files\Microchip\xc8\v2.40\pic\sources\c90\common\__lldiv.c estimated size: 104

C:\Program Files\Microchip\xc8\v2.40\pic\sources\c90\common\doprnt.c
		_sprintf       		CODE           	0122	0000	220

C:\Program Files\Microchip\xc8\v2.40\pic\sources\c90\common\doprnt.c estimated size: 220

C:\Program Files\Microchip\xc8\v2.40\pic\sources\c90\common\Umul16.c
		___wmul        		CODE           	053D	0000	37

C:\Program Files\Microchip\xc8\v2.40\pic\sources\c90\common\Umul16.c estimated size: 37

C:\Program Files\Microchip\xc8\v2.40\pic\sources\c90\common\lwmod.c
		___lwmod       		CODE           	043F	0000	60

C:\Program Files\Microchip\xc8\v2.40\pic\sources\c90\common\lwmod.c estimated size: 60

shared
		__stringtab    		STRING         	0516	0000	16
		_dpowers       		STRING         	0526	0000	10
		__initialization		CODE           	000F	0000	9

shared estimated size: 35

C:\Program Files\Microchip\xc8\v2.40\pic\sources\c90\common\awmod.c
		___awmod       		CODE           	02CF	0000	91

C:\Program Files\Microchip\xc8\v2.40\pic\sources\c90\common\awmod.c estimated size: 91

main.c
		_map           		CODE           	04B3	0000	53
		_main          		CODE           	001C	0000	262
		_isr           		CODE           	0613	0000	7
		_setup         		CODE           	0562	0000	36

main.c estimated size: 358

C:\Program Files\Microchip\xc8\v2.40\pic\sources\c90\common\lwdiv.c
		___lwdiv       		CODE           	037B	0000	68

C:\Program Files\Microchip\xc8\v2.40\pic\sources\c90\common\lwdiv.c estimated size: 68

LCD.c
		_Lcd_Write_String		CODE           	03BF	0000	66
		_Lcd_Init      		CODE           	032A	0000	81
		_Lcd_Write_Char		CODE           	05C0	0000	21
		_Lcd_Cmd       		CODE           	05A6	0000	26
		_Lcd_Set_Cursor		CODE           	0586	0000	32
		_Lcd_Clear     		CODE           	05D5	0000	13
		_Lcd_Port      		CODE           	0401	0000	62

LCD.c estimated size: 301

