Microchip MPLAB XC8 Compiler V2.40

Linker command line:

-W-3 \
  --edf=C:\Program Files\Microchip\xc8\v2.40\pic\dat\20220703182018_en.msgs \
  -cn -h+dist/default/production\I2C-Master.X.production.sym \
  --cmf=dist/default/production\I2C-Master.X.production.cmf -z -Q16F887 \
  -oC:\Users\Gabriel\AppData\Local\Temp\xcAs27c.4 --defsym=__MPLAB_BUILD=1 \
  --fixupoverflow=error \
  -Mdist/default/production/I2C-Master.X.production.map \
  --md=C:\Users\Gabriel\AppData\Local\Temp\xcAs27c.dat -E1 \
  -ver=XC8 Compiler --acfsm=1493 -ACODE=00h-07FFhx4 -ASTRCODE=00h-01FFFh \
  -ASTRING=00h-0FFhx32 -ACONST=00h-0FFhx32 -AENTRY=00h-0FFhx32 \
  -ACOMMON=070h-07Fh -ABANK0=020h-06Fh -ABANK1=0A0h-0EFh \
  -ABANK2=0110h-016Fh -ABANK3=0190h-01EFh \
  -ARAM=020h-06Fh,0A0h-0EFh,0110h-016Fh,0190h-01EFh \
  -AABS1=020h-07Fh,0A0h-0EFh,0110h-016Fh,0190h-01EFh -ASFR0=00h-01Fh \
  -ASFR1=080h-09Fh -ASFR2=0100h-010Fh -ASFR3=0180h-018Fh \
  -ACONFIG=02007h-02008h -DCONFIG=2 -AIDLOC=02000h-02003h -DIDLOC=2 \
  -AEEDATA=00h-0FFh/02100h -peeprom_data=EEDATA -DEEDATA=2 -DCODE=2 \
  -DSTRCODE=2 -DSTRING=2 -DCONST=2 -DENTRY=2 \
  -preset_vec=00h,intentry=04h,init,end_init -ppowerup=CODE -pcinit=CODE \
  -pfunctab=ENTRY -k C:\Users\Gabriel\AppData\Local\Temp\xcAs27c.o \
  dist/default/production\I2C-Master.X.production.o 

Object code version is 3.11

Machine type is 16F887



                Name                               Link     Load   Length Selector   Space Scale
C:\Users\Gabriel\AppData\Local\Temp\xcAs27c.o
                end_init                              C        C        3        8       0
                reset_vec                             0        0        3        0       0
                config                             2007     2007        2        0       4
                idloc                              2000     2000        4        0       5
dist/default/production\I2C-Master.X.production.o
                cinit                                 F        F        D        8       0
                intentry                              4        4        8        8       0
                config                             2007     2007        2        0       4
                idloc                              2000     2000        4        0       5
                text30                              F5A      F5A        7     1EB4       0
                text29                              60C      60C       3E      A8E       0
                text28                              FE6      FE6       1A     1FCC       0
                text27                              F84      F84        D     1F08       0
                text26                              49D      49D       52        8       0
                text25                              7D4      7D4       20      A8E       0
                text24                              FB8      FB8       16     1F70       0
                text23                              58B      58B       42      A8E       0
                text22                              FA3      FA3       15     1F46       0
                text21                              FCE      FCE       18     1F9C       0
                text20                              4EF      4EF        D        8       0
                text19                              75D      75D       2E      A8E       0
                text18                              F69      F69        9     1ED2       0
                text17                              F72      F72        9     1EE4       0
                text16                              F7B      F7B        9     1EF6       0
                text15                              7F4      7F4        A      A8E       0
                text14                              5CD      5CD       3F      A8E       0
                text13                              728      728       35      A8E       0
                text12                              6F3      6F3       35      A8E       0
                text11                              442      442       5B        8       0
                text10                              371      371       69        8       0
                text9                               78B      78B       25      A8E       0
                text8                               6BE      6BE       35      A8E       0
                text7                               3DA      3DA       68        8       0
                text6                               686      686       38      A8E       0
                text5                               7B0      7B0       24      A8E       0
                text4                               547      547       44      A8E       0
                text3                               64A      64A       3C      A8E       0
                text2                               F91      F91       12     1F22       0
                text1                                1C       1C      1D7        8       0
                maintext                            1F3      1F3      17E        8       0
                cstackBANK0                          43       43       1D       20       1
                cstackCOMMON                         70       70        C       70       1
                clrtext                             F61      F61        8     1EC2       0
                bssBANK0                             20       20       23       20       1
                strings                             500      500       47      A00       0

TOTAL           Name                               Link     Load   Length     Space
        CLASS   CODE           
                end_init                              C        C        3         0
                cinit                                 F        F        D         0
                intentry                              4        4        8         0
                reset_vec                             0        0        3         0
                text30                              F5A      F5A        7         0
                text29                              60C      60C       3E         0
                text28                              FE6      FE6       1A         0
                text27                              F84      F84        D         0
                text26                              49D      49D       52         0
                text25                              7D4      7D4       20         0
                text24                              FB8      FB8       16         0
                text23                              58B      58B       42         0
                text22                              FA3      FA3       15         0
                text21                              FCE      FCE       18         0
                text20                              4EF      4EF        D         0
                text19                              75D      75D       2E         0
                text18                              F69      F69        9         0
                text17                              F72      F72        9         0
                text16                              F7B      F7B        9         0
                text15                              7F4      7F4        A         0
                text14                              5CD      5CD       3F         0
                text13                              728      728       35         0
                text12                              6F3      6F3       35         0
                text11                              442      442       5B         0
                text10                              371      371       69         0
                text9                               78B      78B       25         0
                text8                               6BE      6BE       35         0
                text7                               3DA      3DA       68         0
                text6                               686      686       38         0
                text5                               7B0      7B0       24         0
                text4                               547      547       44         0
                text3                               64A      64A       3C         0
                text2                               F91      F91       12         0
                text1                                1C       1C      1D7         0
                maintext                            1F3      1F3      17E         0
                clrtext                             F61      F61        8         0

        CLASS   STRCODE        

        CLASS   STRING         
                strings                             500      500       47         0

        CLASS   CONST          

        CLASS   ENTRY          

        CLASS   COMMON         
                cstackCOMMON                         70       70        C         1

        CLASS   BANK0          
                cstackBANK0                          43       43       1D         1
                bssBANK0                             20       20       23         1

        CLASS   BANK1          

        CLASS   BANK2          

        CLASS   BANK3          

        CLASS   RAM            

        CLASS   ABS1           
                abs_s1                               7E       7E        2         1

        CLASS   SFR0           

        CLASS   SFR1           

        CLASS   SFR2           

        CLASS   SFR3           

        CLASS   CONFIG         
                config                             2007     2007        2         4

        CLASS   IDLOC          
                idloc                              2000     2000        4         5

        CLASS   EEDATA         

        CLASS   STACK          



SEGMENTS        Name                           Load    Length   Top    Selector   Space  Class     Delta

                reset_vec                      000000  000003  000003         0       0  CODE        2
                intentry                       000004  0004F8  0004FC         8       0  CODE        2
                bssBANK0                       000020  000040  000060        20       1  BANK0       1
                cstackCOMMON                   000070  00000C  00007C        70       1  COMMON      1
                strings                        000500  000047  000547       A00       0  STRING      2
                text4                          000547  0002B7  0007FE       A8E       0  CODE        2
                text30                         000F5A  000007  000F61      1EB4       0  CODE        2
                clrtext                        000F61  000008  000F69      1EC2       0  CODE        2
                text18                         000F69  000009  000F72      1ED2       0  CODE        2
                text17                         000F72  000009  000F7B      1EE4       0  CODE        2
                text16                         000F7B  000009  000F84      1EF6       0  CODE        2
                text27                         000F84  00000D  000F91      1F08       0  CODE        2
                text2                          000F91  000012  000FA3      1F22       0  CODE        2
                text22                         000FA3  000015  000FB8      1F46       0  CODE        2
                text24                         000FB8  000016  000FCE      1F70       0  CODE        2
                text21                         000FCE  000018  000FE6      1F9C       0  CODE        2
                text28                         000FE6  00001A  001000      1FCC       0  CODE        2


UNUSED ADDRESS RANGES

        Name                Unused          Largest block    Delta
        BANK0            0060-006F             10           1
        BANK1            00A0-00EF             50           1
        BANK2            0110-016F             60           1
        BANK3            0190-01EF             60           1
        CODE             0003-0003              1           2
                         04FC-04FF              4
                         07FE-0F59              2
                         1000-1FFF            800
        COMMON           007C-007D              2           1
        CONST            0003-0003              1           2
                         04FC-04FF              4
                         07FE-0F59            100
                         1000-1FFF            100
        EEDATA           2100-21FF            100           2
        ENTRY            0003-0003              1           2
                         04FC-04FF              4
                         07FE-0F59            100
                         1000-1FFF            100
        RAM              0060-006F             10           1
                         00A0-00EF             50
                         0110-016F             60
                         0190-01EF             60
        SFR0             0000-001F             20           1
        SFR1             0080-009F             20           1
        SFR2             0100-010F             10           1
        SFR3             0180-018F             10           1
        STRCODE          0003-0003              1           2
                         04FC-04FF              4
                         07FE-0F59            75C
                         1000-1FFF           1000
        STRING           0003-0003              1           2
                         04FC-04FF              4
                         07FE-0F59            100
                         1000-1FFF            100

                                  Symbol Table

?_I2C_Master_Read                 cstackCOMMON 0072
?___awdiv                         cstackCOMMON 0078
?___awmod                         cstackBANK0  0048
?___lldiv                         cstackCOMMON 0072
?___lwdiv                         cstackCOMMON 0072
?___lwmod                         cstackBANK0  0043
?___wmul                          cstackCOMMON 0072
?_map                             cstackBANK0  0048
?_sprintf                         cstackBANK0  0047
Bcd_to_Dec@bcd                    cstackCOMMON 0079
Bcd_to_Dec@dec                    cstackCOMMON 0078
I2C_Master_Init@c                 cstackBANK0  0048
I2C_Master_Read@a                 cstackCOMMON 0072
I2C_Master_Read@temp              cstackCOMMON 0076
I2C_Master_Write@d                cstackCOMMON 0072
Lcd_Cmd@a                         cstackCOMMON 0075
Lcd_Port@a                        cstackCOMMON 0072
Lcd_Set_Cursor@a                  cstackCOMMON 0077
Lcd_Set_Cursor@b                  cstackCOMMON 0076
Lcd_Set_Cursor@temp               cstackCOMMON 0078
Lcd_Write_Char@a                  cstackCOMMON 0074
Lcd_Write_String@a                cstackCOMMON 0075
Lcd_Write_String@i                cstackCOMMON 007A
Read@address                      cstackCOMMON 007A
Read@dato                         cstackCOMMON 007B
Read_Date@d                       cstackBANK0  0045
Read_Date@month                   cstackBANK0  0043
Read_Date@y                       cstackBANK0  0044
Read_Time@h                       cstackBANK0  0044
Read_Time@m                       cstackBANK0  0043
Read_Time@s                       cstackBANK0  0045
_ANSEL                            (abs)        0188
_ANSELH                           (abs)        0189
_Bcd_to_Dec                       text21       0FCE
_GIE                              (abs)        005F
_I2C_Master_Init                  text6        0686
_I2C_Master_Read                  text19       075D
_I2C_Master_RepeatedStart         text18       0F69
_I2C_Master_Start                 text17       0F72
_I2C_Master_Stop                  text16       0F7B
_I2C_Master_Wait                  text20       04EF
_I2C_Master_Write                 text15       07F4
_Lcd_Clear                        text27       0F84
_Lcd_Cmd                          text28       0FE6
_Lcd_Init                         text26       049D
_Lcd_Port                         text29       060C
_Lcd_Set_Cursor                   text25       07D4
_Lcd_Write_Char                   text24       0FB8
_Lcd_Write_String                 text23       058B
_OSCCONbits                       (abs)        008F
_PEIE                             (abs)        005E
_PORTA                            (abs)        0005
_PORTB                            (abs)        0006
_PORTBbits                        (abs)        0006
_PORTC                            (abs)        0007
_PORTD                            (abs)        0008
_PORTDbits                        (abs)        0008
_PORTE                            (abs)        0009
_Read                             text14       05CD
_Read_Date                        text13       0728
_Read_Time                        text12       06F3
_SSPADD                           (abs)        0093
_SSPBUF                           (abs)        0013
_SSPCON                           (abs)        0014
_SSPCON2                          (abs)        0091
_SSPCON2bits                      (abs)        0091
_SSPIE                            (abs)        0463
_SSPIF                            (abs)        0063
_SSPSTAT                          (abs)        0094
_TRISB                            (abs)        0086
_TRISC3                           (abs)        043B
_TRISC4                           (abs)        043C
_TRISCbits                        (abs)        0087
_TRISD                            (abs)        0088
__Habs1                           abs1         0000
__Hbank0                          bank0        0000
__Hbank1                          bank1        0000
__Hbank2                          bank2        0000
__Hbank3                          bank3        0000
__HbssBANK0                       bssBANK0     0000
__Hcinit                          cinit        001C
__Hclrtext                        clrtext      0000
__Hcode                           code         0000
__Hcommon                         common       0000
__Hconfig                         config       2009
__HcstackBANK0                    cstackBANK0  0000
__HcstackCOMMON                   cstackCOMMON 0000
__Heeprom_data                    eeprom_data  0000
__Hend_init                       end_init     000F
__Hfunctab                        functab      0000
__Hidloc                          idloc        2004
__Hinit                           init         000C
__Hintentry                       intentry     000C
__Hmaintext                       maintext     0000
__Hpowerup                        powerup      0000
__Hram                            ram          0000
__Hreset_vec                      reset_vec    0003
__Hsfr0                           sfr0         0000
__Hsfr1                           sfr1         0000
__Hsfr2                           sfr2         0000
__Hsfr3                           sfr3         0000
__Hspace_0                        (abs)        1000
__Hspace_1                        (abs)        007C
__Hspace_2                        (abs)        0000
__Hspace_3                        (abs)        0000
__Hspace_4                        (abs)        4010
__Hstack                          stack        0000
__Hstrings                        strings      0000
__Htext                           text         0000
__Labs1                           abs1         0000
__Lbank0                          bank0        0000
__Lbank1                          bank1        0000
__Lbank2                          bank2        0000
__Lbank3                          bank3        0000
__LbssBANK0                       bssBANK0     0000
__Lcinit                          cinit        000F
__Lclrtext                        clrtext      0000
__Lcode                           code         0000
__Lcommon                         common       0000
__Lconfig                         config       0000
__LcstackBANK0                    cstackBANK0  0000
__LcstackCOMMON                   cstackCOMMON 0000
__Leeprom_data                    eeprom_data  0000
__Lend_init                       end_init     000C
__Lfunctab                        functab      0000
__Lidloc                          idloc        0000
__Linit                           init         000C
__Lintentry                       intentry     0004
__Lmaintext                       maintext     0000
__Lpowerup                        powerup      0000
__Lram                            ram          0000
__Lreset_vec                      reset_vec    0000
__Lsfr0                           sfr0         0000
__Lsfr1                           sfr1         0000
__Lsfr2                           sfr2         0000
__Lsfr3                           sfr3         0000
__Lspace_0                        (abs)        0000
__Lspace_1                        (abs)        0000
__Lspace_2                        (abs)        0000
__Lspace_3                        (abs)        0000
__Lspace_4                        (abs)        0000
__Lstack                          stack        0000
__Lstrings                        strings      0000
__Ltext                           text         0000
__S0                              (abs)        1000
__S1                              (abs)        007C
__S3                              (abs)        0000
___awdiv                          text10       0371
___awdiv@counter                  cstackBANK0  0044
___awdiv@dividend                 cstackCOMMON 007A
___awdiv@divisor                  cstackCOMMON 0078
___awdiv@quotient                 cstackBANK0  0046
___awdiv@sign                     cstackBANK0  0045
___awmod                          text11       0442
___awmod@counter                  cstackBANK0  004D
___awmod@dividend                 cstackBANK0  004A
___awmod@divisor                  cstackBANK0  0048
___awmod@sign                     cstackBANK0  004E
___bmul                           text22       0FA3
___bmul@multiplicand              cstackCOMMON 0072
___bmul@multiplier                cstackCOMMON 0075
___bmul@product                   cstackCOMMON 0074
___int_sp                         stack        0000
___latbits                        (abs)        0002
___lldiv                          text7        03DA
___lldiv@counter                  cstackBANK0  0047
___lldiv@dividend                 cstackCOMMON 0076
___lldiv@divisor                  cstackCOMMON 0072
___lldiv@quotient                 cstackBANK0  0043
___lwdiv                          text4        0547
___lwdiv@counter                  cstackCOMMON 0079
___lwdiv@dividend                 cstackCOMMON 0074
___lwdiv@divisor                  cstackCOMMON 0072
___lwdiv@quotient                 cstackCOMMON 0077
___lwmod                          text3        064A
___lwmod@counter                  cstackCOMMON 007B
___lwmod@dividend                 cstackBANK0  0045
___lwmod@divisor                  cstackBANK0  0043
___sp                             stack        0000
___stackhi                        (abs)        0000
___stacklo                        (abs)        0000
___wmul                           text9        078B
___wmul@multiplicand              cstackCOMMON 0074
___wmul@multiplier                cstackCOMMON 0072
___wmul@product                   cstackCOMMON 0076
__end_of_Bcd_to_Dec               text21       0FE6
__end_of_I2C_Master_Init          text6        06BE
__end_of_I2C_Master_Read          text19       078B
__end_of_I2C_Master_RepeatedStart text18       0F72
__end_of_I2C_Master_Start         text17       0F7B
__end_of_I2C_Master_Stop          text16       0F84
__end_of_I2C_Master_Wait          text20       04FC
__end_of_I2C_Master_Write         text15       07FE
__end_of_Lcd_Clear                text27       0F91
__end_of_Lcd_Cmd                  text28       1000
__end_of_Lcd_Init                 text26       04EF
__end_of_Lcd_Port                 text29       064A
__end_of_Lcd_Set_Cursor           text25       07F4
__end_of_Lcd_Write_Char           text24       0FCE
__end_of_Lcd_Write_String         text23       05CD
__end_of_Read                     text14       060C
__end_of_Read_Date                text13       075D
__end_of_Read_Time                text12       0728
__end_of___awdiv                  text10       03DA
__end_of___awmod                  text11       049D
__end_of___bmul                   text22       0FB8
__end_of___lldiv                  text7        0442
__end_of___lwdiv                  text4        058B
__end_of___lwmod                  text3        0686
__end_of___wmul                   text9        07B0
__end_of__initialization          cinit        0018
__end_of__stringtab               strings      0510
__end_of_dpowers                  strings      051A
__end_of_isdigit                  text2        0FA3
__end_of_isr                      text30       0F61
__end_of_main                     maintext     0371
__end_of_map                      text8        06F3
__end_of_setup                    text5        07D4
__end_of_sprintf                  text1        01F3
__initialization                  cinit        000F
__pbssBANK0                       bssBANK0     0020
__pcstackBANK0                    cstackBANK0  0043
__pcstackCOMMON                   cstackCOMMON 0070
__pintentry                       intentry     0004
__pmaintext                       maintext     01F3
__pstrings                        strings      0500
__ptext1                          text1        001C
__ptext10                         text10       0371
__ptext11                         text11       0442
__ptext12                         text12       06F3
__ptext13                         text13       0728
__ptext14                         text14       05CD
__ptext15                         text15       07F4
__ptext16                         text16       0F7B
__ptext17                         text17       0F72
__ptext18                         text18       0F69
__ptext19                         text19       075D
__ptext2                          text2        0F91
__ptext20                         text20       04EF
__ptext21                         text21       0FCE
__ptext22                         text22       0FA3
__ptext23                         text23       058B
__ptext24                         text24       0FB8
__ptext25                         text25       07D4
__ptext26                         text26       049D
__ptext27                         text27       0F84
__ptext28                         text28       0FE6
__ptext29                         text29       060C
__ptext3                          text3        064A
__ptext30                         text30       0F5A
__ptext4                          text4        0547
__ptext5                          text5        07B0
__ptext6                          text6        0686
__ptext7                          text7        03DA
__ptext8                          text8        06BE
__ptext9                          text9        078B
__stringbase                      strings      050F
__stringtab                       strings      0500
_ano                              bssBANK0     003D
_buffer                           bssBANK0     0029
_centesima1                       bssBANK0     0020
_decima1                          bssBANK0     0022
_dia                              bssBANK0     003F
_dpowers                          strings      0510
_hora                             bssBANK0     0040
_isdigit                          text2        0F91
_isdigit$835                      cstackCOMMON 0072
_isr                              text30       0F5A
_main                             maintext     01F3
_map                              text8        06BE
_mes                              bssBANK0     003E
_minuto                           bssBANK0     0041
_segundo                          bssBANK0     0042
_setup                            text5        07B0
_sprintf                          text1        001C
_unidad1                          bssBANK0     0024
_vol1                             bssBANK0     0026
_voltaje1                         bssBANK0     0028
btemp                             (abs)        007E
clear_ram0                        clrtext      0F61
end_of_initialization             cinit        0018
interrupt_function                intentry     0004
intlevel0                         functab      0000
intlevel1                         functab      0000
intlevel2                         functab      0000
intlevel3                         functab      0000
intlevel4                         functab      0000
intlevel5                         functab      0000
isdigit@c                         cstackCOMMON 0073
map@inputmax                      cstackBANK0  004A
map@inputmin                      cstackBANK0  0048
map@outmax                        cstackBANK0  004E
map@outmin                        cstackBANK0  004C
map@value                         cstackBANK0  0051
reset_vec                         reset_vec    0000
saved_w                           (abs)        007E
sprintf@ap                        cstackBANK0  0052
sprintf@c                         cstackBANK0  0059
sprintf@f                         cstackBANK0  0047
sprintf@flag                      cstackBANK0  0055
sprintf@prec                      cstackBANK0  0051
sprintf@sp                        cstackBANK0  0058
sprintf@val                       cstackBANK0  0053
sprintf@width                     cstackBANK0  0056
start                             init         000C
start_initialization              cinit        000F
wtemp0                            (abs)        007E


MODULE INFORMATION

Module		Function		Class		Link	Load	Size
C:\Program Files\Microchip\xc8\v2.40\pic\sources\c90\common\Umul8.c
		___bmul        		CODE           	0FA3	0000	21

C:\Program Files\Microchip\xc8\v2.40\pic\sources\c90\common\Umul8.c estimated size: 21

C:\Program Files\Microchip\xc8\v2.40\pic\sources\c90\common\awdiv.c
		___awdiv       		CODE           	0371	0000	105

C:\Program Files\Microchip\xc8\v2.40\pic\sources\c90\common\awdiv.c estimated size: 105

I2C.c
		_I2C_Master_Read		CODE           	075D	0000	46
		_I2C_Master_Wait		CODE           	04EF	0000	13
		_I2C_Master_Init		CODE           	0686	0000	56
		_I2C_Master_Stop		CODE           	0F7B	0000	9
		_I2C_Master_RepeatedStart		CODE           	0F69	0000	9
		_I2C_Master_Write		CODE           	07F4	0000	10
		_I2C_Master_Start		CODE           	0F72	0000	9

I2C.c estimated size: 152

C:\Program Files\Microchip\xc8\v2.40\pic\sources\c90\common\__lldiv.c
		___lldiv       		CODE           	03DA	0000	104

C:\Program Files\Microchip\xc8\v2.40\pic\sources\c90\common\__lldiv.c estimated size: 104

C:\Program Files\Microchip\xc8\v2.40\pic\sources\c90\common\doprnt.c
		_sprintf       		CODE           	001C	0000	471

C:\Program Files\Microchip\xc8\v2.40\pic\sources\c90\common\doprnt.c estimated size: 471

C:\Program Files\Microchip\xc8\v2.40\pic\sources\c90\common\Umul16.c
		___wmul        		CODE           	078B	0000	37

C:\Program Files\Microchip\xc8\v2.40\pic\sources\c90\common\Umul16.c estimated size: 37

C:\Program Files\Microchip\xc8\v2.40\pic\sources\c90\common\lwmod.c
		___lwmod       		CODE           	064A	0000	60

C:\Program Files\Microchip\xc8\v2.40\pic\sources\c90\common\lwmod.c estimated size: 60

shared
		__stringtab    		STRING         	0500	0000	16
		_dpowers       		STRING         	0510	0000	10
		__initialization		CODE           	000F	0000	9

shared estimated size: 35

C:\Program Files\Microchip\xc8\v2.40\pic\sources\c90\common\isdigit.c
		_isdigit       		CODE           	0F91	0000	18

C:\Program Files\Microchip\xc8\v2.40\pic\sources\c90\common\isdigit.c estimated size: 18

C:\Program Files\Microchip\xc8\v2.40\pic\sources\c90\common\awmod.c
		___awmod       		CODE           	0442	0000	91

C:\Program Files\Microchip\xc8\v2.40\pic\sources\c90\common\awmod.c estimated size: 91

main.c
		_map           		CODE           	06BE	0000	53
		_main          		CODE           	01F3	0000	382
		_Read_Date     		CODE           	0728	0000	53
		_Read_Time     		CODE           	06F3	0000	53
		_isr           		CODE           	0F5A	0000	7
		_setup         		CODE           	07B0	0000	36
		_Bcd_to_Dec    		CODE           	0FCE	0000	24
		_Read          		CODE           	05CD	0000	63

main.c estimated size: 671

C:\Program Files\Microchip\xc8\v2.40\pic\sources\c90\common\lwdiv.c
		___lwdiv       		CODE           	0547	0000	68

C:\Program Files\Microchip\xc8\v2.40\pic\sources\c90\common\lwdiv.c estimated size: 68

LCD.c
		_Lcd_Write_String		CODE           	058B	0000	66
		_Lcd_Init      		CODE           	049D	0000	82
		_Lcd_Write_Char		CODE           	0FB8	0000	22
		_Lcd_Cmd       		CODE           	0FE6	0000	26
		_Lcd_Set_Cursor		CODE           	07D4	0000	32
		_Lcd_Clear     		CODE           	0F84	0000	13
		_Lcd_Port      		CODE           	060C	0000	62

LCD.c estimated size: 303

