Microchip MPLAB XC8 Compiler V2.40

Linker command line:

-W-3 \
  --edf=C:\Program Files\Microchip\xc8\v2.40\pic\dat\20220703182018_en.msgs \
  -cn -h+dist/default/production\I2C-Slave.X.production.sym \
  --cmf=dist/default/production\I2C-Slave.X.production.cmf -z -Q16F887 \
  -oC:\Users\Gabriel\AppData\Local\Temp\xcAs5i0.4 --defsym=__MPLAB_BUILD=1 \
  --fixupoverflow=error \
  -Mdist/default/production/I2C-Slave.X.production.map \
  --md=C:\Users\Gabriel\AppData\Local\Temp\xcAs5i0.dat -E1 \
  -ver=XC8 Compiler --acfsm=1493 -ACODE=00h-07FFhx4 -ASTRCODE=00h-01FFFh \
  -ASTRING=00h-0FFhx32 -ACONST=00h-0FFhx32 -AENTRY=00h-0FFhx32 \
  -ACOMMON=070h-07Fh -ABANK0=020h-06Fh -ABANK1=0A0h-0EFh \
  -ABANK2=0110h-016Fh -ABANK3=0190h-01EFh \
  -ARAM=020h-06Fh,0A0h-0EFh,0110h-016Fh,0190h-01EFh \
  -AABS1=020h-07Fh,0A0h-0EFh,0110h-016Fh,0190h-01EFh -ASFR0=00h-01Fh \
  -ASFR1=080h-09Fh -ASFR2=0100h-010Fh -ASFR3=0180h-018Fh \
  -ACONFIG=02007h-02008h -DCONFIG=2 -AIDLOC=02000h-02003h -DIDLOC=2 \
  -AEEDATA=00h-0FFh/02100h -peeprom_data=EEDATA -DEEDATA=2 -DCODE=2 \
  -DSTRCODE=2 -DSTRING=2 -DCONST=2 -DENTRY=2 \
  -preset_vec=00h,intentry=04h,init,end_init -ppowerup=CODE -pcinit=CODE \
  -pfunctab=ENTRY -k C:\Users\Gabriel\AppData\Local\Temp\xcAs5i0.o \
  dist/default/production\I2C-Slave.X.production.o 

Object code version is 3.11

Machine type is 16F887



                Name                               Link     Load   Length Selector   Space Scale
C:\Users\Gabriel\AppData\Local\Temp\xcAs5i0.o
                end_init                              C        C        3        8       0
                reset_vec                             0        0        3        0       0
                config                             2007     2007        2        0       4
                idloc                              2000     2000        4        0       5
dist/default/production\I2C-Slave.X.production.o
                cinit                                 F        F        7        8       0
                intentry                              4        4        8        8       0
                config                             2007     2007        2        0       4
                idloc                              2000     2000        4        0       5
                text7                               303      303        A        8       0
                text6                               10F      10F       F9        8       0
                text5                               208      208       73        8       0
                text4                                16       16       F9        8       0
                text3                               2C4      2C4       23        8       0
                text2                               2E7      2E7       1C        8       0
                text1                               27B      27B       25        8       0
                maintext                            2A0      2A0       24        8       0
                cstackBANK0                          20       20        7       20       1
                cstackCOMMON                         70       70        7       70       1
                bssCOMMON                            77       77        3       70       1

TOTAL           Name                               Link     Load   Length     Space
        CLASS   CODE           
                end_init                              C        C        3         0
                cinit                                 F        F        7         0
                intentry                              4        4        8         0
                reset_vec                             0        0        3         0
                text7                               303      303        A         0
                text6                               10F      10F       F9         0
                text5                               208      208       73         0
                text4                                16       16       F9         0
                text3                               2C4      2C4       23         0
                text2                               2E7      2E7       1C         0
                text1                               27B      27B       25         0
                maintext                            2A0      2A0       24         0

        CLASS   STRCODE        

        CLASS   STRING         

        CLASS   CONST          

        CLASS   ENTRY          

        CLASS   COMMON         
                cstackCOMMON                         70       70        7         1
                bssCOMMON                            77       77        3         1

        CLASS   BANK0          
                cstackBANK0                          20       20        7         1

        CLASS   BANK1          

        CLASS   BANK2          

        CLASS   BANK3          

        CLASS   RAM            

        CLASS   ABS1           
                abs_s1                               7E       7E        2         1

        CLASS   SFR0           

        CLASS   SFR1           

        CLASS   SFR2           

        CLASS   SFR3           

        CLASS   CONFIG         
                config                             2007     2007        2         4

        CLASS   IDLOC          
                idloc                              2000     2000        4         5

        CLASS   EEDATA         

        CLASS   STACK          



SEGMENTS        Name                           Load    Length   Top    Selector   Space  Class     Delta

                reset_vec                      000000  000003  000003         0       0  CODE        2
                intentry                       000004  000309  00030D         8       0  CODE        2
                cstackBANK0                    000020  000007  000027        20       1  BANK0       1
                cstackCOMMON                   000070  00000A  00007A        70       1  COMMON      1


UNUSED ADDRESS RANGES

        Name                Unused          Largest block    Delta
        BANK0            0027-006F             49           1
        BANK1            00A0-00EF             50           1
        BANK2            0110-016F             60           1
        BANK3            0190-01EF             60           1
        CODE             0003-0003              1           2
                         030D-1FFF            800
        COMMON           007A-007D              4           1
        CONST            0003-0003              1           2
                         030D-1FFF            100
        EEDATA           2100-21FF            100           2
        ENTRY            0003-0003              1           2
                         030D-1FFF            100
        RAM              0027-006F             49           1
                         00A0-00EF             50
                         0110-016F             60
                         0190-01EF             60
        SFR0             0000-001F             20           1
        SFR1             0080-009F             20           1
        SFR2             0100-010F             10           1
        SFR3             0180-018F             10           1
        STRCODE          0003-0003              1           2
                         030D-1FFF           1CF3
        STRING           0003-0003              1           2
                         030D-1FFF            100

                                  Symbol Table

?_adc_read                    cstackCOMMON 0070
I2C_Slave_Init@address        cstackBANK0  0020
_ADCON0bits                   (abs)        001F
_ADCON1bits                   (abs)        009F
_ADRESH                       (abs)        001E
_ANSEL                        (abs)        0188
_ANSELH                       (abs)        0189
_ANSELbits                    (abs)        0188
_BF                           (abs)        04A0
_GIE                          (abs)        005F
_I2C_Slave_Init               text2        02E7
_INTCONbits                   (abs)        000B
_OSCCONbits                   (abs)        008F
_PEIE                         (abs)        005E
_PIE1bits                     (abs)        008C
_PIR1bits                     (abs)        000C
_PORTA                        (abs)        0005
_PORTB                        (abs)        0006
_PORTC                        (abs)        0007
_PORTD                        (abs)        0008
_PORTE                        (abs)        0009
_SSPADD                       (abs)        0093
_SSPBUF                       (abs)        0013
_SSPCON                       (abs)        0014
_SSPCON2                      (abs)        0091
_SSPCON2bits                  (abs)        0091
_SSPCONbits                   (abs)        0014
_SSPIE                        (abs)        0463
_SSPIF                        (abs)        0063
_SSPSTAT                      (abs)        0094
_SSPSTATbits                  (abs)        0094
_TRISB                        (abs)        0086
_TRISC3                       (abs)        043B
_TRISC4                       (abs)        043C
_TRISCbits                    (abs)        0087
_TRISD                        (abs)        0088
__Habs1                       abs1         0000
__Hbank0                      bank0        0000
__Hbank1                      bank1        0000
__Hbank2                      bank2        0000
__Hbank3                      bank3        0000
__HbssCOMMON                  bssCOMMON    0000
__Hcinit                      cinit        0016
__Hclrtext                    clrtext      0000
__Hcode                       code         0000
__Hcommon                     common       0000
__Hconfig                     config       2009
__HcstackBANK0                cstackBANK0  0000
__HcstackCOMMON               cstackCOMMON 0000
__Heeprom_data                eeprom_data  0000
__Hend_init                   end_init     000F
__Hfunctab                    functab      0000
__Hidloc                      idloc        2004
__Hinit                       init         000C
__Hintentry                   intentry     000C
__Hmaintext                   maintext     0000
__Hpowerup                    powerup      0000
__Hram                        ram          0000
__Hreset_vec                  reset_vec    0003
__Hsfr0                       sfr0         0000
__Hsfr1                       sfr1         0000
__Hsfr2                       sfr2         0000
__Hsfr3                       sfr3         0000
__Hspace_0                    (abs)        030D
__Hspace_1                    (abs)        007A
__Hspace_2                    (abs)        0000
__Hspace_3                    (abs)        0000
__Hspace_4                    (abs)        4010
__Hstack                      stack        0000
__Hstrings                    strings      0000
__Htext                       text         0000
__Labs1                       abs1         0000
__Lbank0                      bank0        0000
__Lbank1                      bank1        0000
__Lbank2                      bank2        0000
__Lbank3                      bank3        0000
__LbssCOMMON                  bssCOMMON    0000
__Lcinit                      cinit        000F
__Lclrtext                    clrtext      0000
__Lcode                       code         0000
__Lcommon                     common       0000
__Lconfig                     config       0000
__LcstackBANK0                cstackBANK0  0000
__LcstackCOMMON               cstackCOMMON 0000
__Leeprom_data                eeprom_data  0000
__Lend_init                   end_init     000C
__Lfunctab                    functab      0000
__Lidloc                      idloc        0000
__Linit                       init         000C
__Lintentry                   intentry     0004
__Lmaintext                   maintext     0000
__Lpowerup                    powerup      0000
__Lram                        ram          0000
__Lreset_vec                  reset_vec    0000
__Lsfr0                       sfr0         0000
__Lsfr1                       sfr1         0000
__Lsfr2                       sfr2         0000
__Lsfr3                       sfr3         0000
__Lspace_0                    (abs)        0000
__Lspace_1                    (abs)        0000
__Lspace_2                    (abs)        0000
__Lspace_3                    (abs)        0000
__Lspace_4                    (abs)        0000
__Lstack                      stack        0000
__Lstrings                    strings      0000
__Ltext                       text         0000
__S0                          (abs)        030D
__S1                          (abs)        007A
__S3                          (abs)        0000
___int_sp                     stack        0000
___latbits                    (abs)        0002
___sp                         stack        0000
___stackhi                    (abs)        0000
___stacklo                    (abs)        0000
__end_of_I2C_Slave_Init       text2        0303
__end_of__initialization      cinit        0012
__end_of_adc_change_channel   text4        010F
__end_of_adc_init             text3        02E7
__end_of_adc_read             text7        030D
__end_of_isr                  text5        027B
__end_of_main                 maintext     02C4
__end_of_setup                text1        02A0
__end_ofi1_adc_change_channel text6        0208
__initialization              cinit        000F
__pbssCOMMON                  bssCOMMON    0077
__pcstackBANK0                cstackBANK0  0020
__pcstackCOMMON               cstackCOMMON 0070
__pintentry                   intentry     0004
__pmaintext                   maintext     02A0
__ptext1                      text1        027B
__ptext2                      text2        02E7
__ptext3                      text3        02C4
__ptext4                      text4        0016
__ptext5                      text5        0208
__ptext6                      text6        010F
__ptext7                      text7        0303
_adc_change_channel           text4        0016
_adc_init                     text3        02C4
_adc_read                     text7        0303
_isr                          text5        0208
_main                         maintext     02A0
_setup                        text1        027B
_voltaje1                     bssCOMMON    0077
_z                            bssCOMMON    0079
adc_change_channel@channel    cstackBANK0  0020
adc_init@channel              cstackBANK0  0022
btemp                         (abs)        007E
end_of_initialization         cinit        0012
i1_adc_change_channel         text6        010F
i1adc_change_channel@channel  cstackCOMMON 0070
interrupt_function            intentry     0004
intlevel0                     functab      0000
intlevel1                     functab      0000
intlevel2                     functab      0000
intlevel3                     functab      0000
intlevel4                     functab      0000
intlevel5                     functab      0000
reset_vec                     reset_vec    0000
saved_w                       (abs)        007E
start                         init         000C
start_initialization          cinit        000F
wtemp0                        (abs)        007E


MODULE INFORMATION

Module		Function		Class		Link	Load	Size
I2C.c
		_I2C_Slave_Init		CODE           	02E7	0000	28

I2C.c estimated size: 28

shared
		__initialization		CODE           	000F	0000	3
		i1_adc_change_channel		CODE           	010F	0000	249

shared estimated size: 252

ADC_setup.c
		_adc_read      		CODE           	0303	0000	10
		_adc_change_channel		CODE           	0016	0000	249
		_adc_init      		CODE           	02C4	0000	35

ADC_setup.c estimated size: 294

main.c
		_main          		CODE           	02A0	0000	36
		_isr           		CODE           	0208	0000	115
		_setup         		CODE           	027B	0000	37

main.c estimated size: 188

